[debug] [2026-04-23T15:53:30.605Z] ----------------------------------------------------------------------
[debug] [2026-04-23T15:53:30.608Z] Command:       C:\Program Files\nodejs\node.exe C:\Users\Vijayakumar\AppData\Roaming\npm\node_modules\firebase-tools\lib\bin\firebase.js init
[debug] [2026-04-23T15:53:30.609Z] CLI Version:   15.15.0
[debug] [2026-04-23T15:53:30.609Z] Platform:      win32
[debug] [2026-04-23T15:53:30.609Z] Node Version:  v24.15.0
[debug] [2026-04-23T15:53:30.609Z] Time:          Thu Apr 23 2026 21:23:30 GMT+0530 (India Standard Time)
[debug] [2026-04-23T15:53:30.609Z] ----------------------------------------------------------------------
[debug] 
[info] 
     ######## #### ########  ######## ########     ###     ######  ########
     ##        ##  ##     ## ##       ##     ##  ##   ##  ##       ##
     ######    ##  ########  ######   ########  #########  ######  ######
     ##        ##  ##    ##  ##       ##     ## ##     ##       ## ##
     ##       #### ##     ## ######## ########  ##     ##  ######  ########

You're about to initialize a Firebase project in this directory:

  C:\Users\Vijayakumar\OneDrive\Desktop\breathe analysis model

[info] 
=== Project Setup
[info] 
[info] First, let's associate this project directory with a Firebase project.
[info] You can create multiple project aliases by running firebase use --add, 
[info] 
[debug] [2026-04-23T15:54:43.272Z] > command requires scopes: ["email","openid","https://www.googleapis.com/auth/cloudplatformprojects.readonly","https://www.googleapis.com/auth/firebase","https://www.googleapis.com/auth/cloud-platform"]
[debug] [2026-04-23T15:54:43.273Z] > authorizing via signed-in user (vijayk959146@gmail.com)
[debug] [2026-04-23T15:54:43.276Z] Checked if tokens are valid: true, expires at: 1776963179054
[debug] [2026-04-23T15:54:43.276Z] Checked if tokens are valid: true, expires at: 1776963179054
[debug] [2026-04-23T15:54:43.279Z] >>> [apiv2][query] GET https://firebase.googleapis.com/v1beta1/projects pageSize=100
[debug] [2026-04-23T15:54:47.188Z] <<< [apiv2][status] GET https://firebase.googleapis.com/v1beta1/projects 200
[debug] [2026-04-23T15:54:47.189Z] <<< [apiv2][body] GET https://firebase.googleapis.com/v1beta1/projects [omitted]
